// Jest Snapshot v1, https://goo.gl/fbAQLP

exports[`prepareSlicesForRender should transform data 1`] = `
Array [
  Object {
    "elementId": "aaLeadersSlice.0",
    "id": "a",
    "ignoreSeparator": true,
    "name": "LeadersSlice",
  },
  Object {
    "elementId": "bbDailyUniversalRegister.1",
    "id": "b",
    "ignoreSeparator": true,
    "name": "DailyUniversalRegister",
  },
  Object {
    "elementId": "ccOtherSlice.2",
    "id": "c",
    "ignoreSeparator": true,
    "name": "OtherSlice",
  },
  Object {
    "name": "SectionAd",
    "slotName": "ad-section",
  },
  Object {
    "elementId": "ddLeadersSlice.3",
    "id": "d",
    "ignoreSeparator": true,
    "name": "LeadersSlice",
  },
  Object {
    "elementId": "eeDailyUniversalRegister.4",
    "id": "e",
    "ignoreSeparator": true,
    "name": "DailyUniversalRegister",
  },
  Object {
    "elementId": "ffOtherSlice.5",
    "id": "f",
    "name": "OtherSlice",
  },
  Object {
    "elementId": "ggOtherSlice.6",
    "id": "g",
    "ignoreSeparator": true,
    "isConsecutive": true,
    "name": "OtherSlice",
  },
  Object {
    "elementId": "hhLeadersSlice.7",
    "id": "h",
    "ignoreSeparator": true,
    "name": "LeadersSlice",
  },
  Object {
    "elementId": "iiOtherSlice.8",
    "id": "i",
    "name": "OtherSlice",
  },
  Object {
    "elementId": "jjOtherSlice.9",
    "id": "j",
    "isConsecutive": true,
    "name": "OtherSlice",
  },
  Object {
    "elementId": "kkOtherSlice.10",
    "id": "k",
    "ignoreSeparator": true,
    "name": "OtherSlice",
  },
  Object {
    "elementId": "llDailyUniversalRegister.11",
    "id": "l",
    "ignoreSeparator": true,
    "name": "DailyUniversalRegister",
  },
]
`;
