// Jest Snapshot v1, https://goo.gl/fbAQLP

exports[`1. modal image 1`] = `
<View>
  <Modal
    animationType="slide"
    hardwareAccelerated={false}
    presentationStyle="fullScreen"
    supportedOrientations={
      Array [
        "portrait",
        "landscape",
      ]
    }
    visible={false}
  />
  <View
    accessibilityState={
      Object {
        "disabled": false,
      }
    }
    focusable={true}
  >
    <View
      accessibilityIgnoresInvertColors={true}
    >
      <Image
        fadeDuration={0}
        source={
          Object {
            "testUri": "../../../packages/responsive-image/assets/t.png",
          }
        }
      />
    </View>
  </View>
</View>
`;

exports[`2. modal image with no caption 1`] = `
<View>
  <Modal
    animationType="slide"
    hardwareAccelerated={false}
    presentationStyle="fullScreen"
    supportedOrientations={
      Array [
        "portrait",
        "landscape",
      ]
    }
    visible={false}
  />
  <View
    accessibilityState={
      Object {
        "disabled": false,
      }
    }
    focusable={true}
  >
    <View
      accessibilityIgnoresInvertColors={true}
    >
      <Image
        fadeDuration={0}
        source={
          Object {
            "testUri": "../../../packages/responsive-image/assets/t.png",
          }
        }
      />
    </View>
  </View>
</View>
`;

exports[`3. modal image with custom highressize 1`] = `
<View>
  <Modal
    animationType="slide"
    hardwareAccelerated={false}
    presentationStyle="fullScreen"
    supportedOrientations={
      Array [
        "portrait",
        "landscape",
      ]
    }
    visible={false}
  />
  <View
    accessibilityState={
      Object {
        "disabled": false,
      }
    }
    focusable={true}
  >
    <View
      accessibilityIgnoresInvertColors={true}
    >
      <Image
        fadeDuration={0}
        source={
          Object {
            "testUri": "../../../packages/responsive-image/assets/t.png",
          }
        }
      />
    </View>
  </View>
</View>
`;
