// Jest Snapshot v1, https://goo.gl/fbAQLP

exports[`1. date and times publication 1`] = `
<View
  style={
    Object {
      "flexDirection": "row",
    }
  }
>
  <Text
    maxFontSizeMultiplier={2}
    minimumFontScale={0.7}
    style={Object {}}
    testID="date-time"
  >
    Saturday July 01 2017, 5.32am BST
  </Text>
  <Text
    maxFontSizeMultiplier={2}
    minimumFontScale={0.7}
    style={Object {}}
    testID="publication-name"
  >
    , The Times
  </Text>
</View>
`;
