// Jest Snapshot v1, https://goo.gl/fbAQLP

exports[`should return a bounding box 1`] = `
Object {
  "height": 69.08203125,
  "width": 61.9189453125,
}
`;
