// Jest Snapshot v1, https://goo.gl/fbAQLP

exports[`1. article in depth - tablet 1`] = `
<ArticleSkeleton>
  <View
    style={
      Object {
        "alignItems": "center",
        "backgroundColor": "rgba(60, 129, 190, 1)",
        "paddingBottom": 40,
        "paddingHorizontal": 20,
        "paddingTop": 45,
        "width": "100%",
      }
    }
  >
    <View
      style={
        Object {
          "alignItems": "center",
        }
      }
    >
      <View>
        <ArticleLabel />
      </View>
      <Text
        style={
          Object {
            "color": "rgba(255, 255, 255, 1)",
            "fontFamily": "TimesModern-Bold",
            "fontSize": 30,
            "lineHeight": 36,
            "marginBottom": 10,
            "textAlign": "center",
          }
        }
      >
        Caribbean islands devastated by Hurricane Irma, the worst Atlantic storm on record
      </Text>
      <ArticleFlags />
      <Text
        style={
          Object {
            "color": "rgba(255, 255, 255, 1)",
            "fontFamily": "TimesModern-Regular",
            "fontSize": 20,
            "lineHeight": 25,
            "paddingHorizontal": 10,
            "textAlign": "center",
          }
        }
      >
        How did one of Britainâ€™s top young athletes end up running elite parties for swingers? Chris Reynolds Gordon tells Rick Broadbent about his extraordinary life
      </Text>
    </View>
  </View>
  <View
    style={
      Object {
        "marginBottom": 0,
      }
    }
  >
    <ModalImage />
  </View>
  <View
    style={
      Object {
        "alignItems": "center",
        "borderBottomColor": "#DBDBDB",
        "borderBottomWidth": 1,
        "borderTopColor": "#DBDBDB",
        "borderTopWidth": 1,
        "marginHorizontal": 10,
        "marginVertical": 20,
        "paddingVertical": 10,
      }
    }
  >
    <View>
      <View
        style={
          Object {
            "flexDirection": "row",
            "flexWrap": "wrap",
            "justifyContent": "center",
          }
        }
      >
        <ArticleBylineWithLinks />
      </View>
      <View
        style={
          Object {
            "flexDirection": "row",
            "flexWrap": "wrap",
            "justifyContent": "center",
          }
        }
      >
        <View
          style={
            Object {
              "flexDirection": "row",
            }
          }
        >
          <Text
            style={
              Object {
                "color": "#696969",
                "fontFamily": "GillSansMTStd-Medium",
                "fontSize": 13,
                "lineHeight": 15,
              }
            }
          >
            Friday March 13 2015, 6.54pm
          </Text>
          <Text
            style={
              Object {
                "color": "#696969",
                "fontFamily": "GillSansMTStd-Medium",
                "fontSize": 13,
                "lineHeight": 15,
              }
            }
          >
            , The Times
          </Text>
        </View>
      </View>
    </View>
  </View>
</ArticleSkeleton>
`;
