// Jest Snapshot v1, https://goo.gl/fbAQLP

exports[`tile h without breakpoint 1`] = `
<Link
  linkStyle={
    Object {
      "flexDirection": "row",
      "padding": 10,
    }
  }
>
  <View
    style={
      Object {
        "paddingRight": 10,
        "width": "50%",
      }
    }
  >
    <View>
      <View
        style={
          Object {
            "marginBottom": 5,
          }
        }
      >
        <ArticleLabel
          allowFontScaling={false}
          childTestID="article-slug"
          color="#005B8D"
          title="label"
        />
      </View>
    </View>
    <Text
      accessibilityRole="header"
      allowFontScaling={false}
      aria-level="3"
      maxFontSizeMultiplier={2}
      minimumFontScale={0.7}
      style={
        Object {
          "color": "#333333",
          "fontFamily": "TimesModern-Bold",
          "fontSize": 20,
          "includeFontPadding": false,
          "lineHeight": 20,
          "marginBottom": 5,
        }
      }
      testID="article-summary-headline"
    >
      This is tile headline
    </Text>
    <ArticleFlags
      allowFontScaling={false}
      flags={
        Array [
          Object {
            "expiryTime": "2030-03-14T12:00:00.000Z",
            "type": "EXCLUSIVE",
          },
        ]
      }
    />
    <Text
      allowFontScaling={false}
      maxFontSizeMultiplier={2}
      minimumFontScale={0.7}
      style={
        Object {
          "color": "#696969",
          "flexWrap": "wrap",
          "fontFamily": "TimesDigitalW04",
          "fontSize": 14,
          "lineHeight": 20,
          "marginBottom": 0,
        }
      }
      testID="article-summary-content"
    >
      <Text
        maxFontSizeMultiplier={2}
        minimumFontScale={0.7}
      >
        
        Theresa May has two objectives tomorrow when MPs get to vote on Brexit â€” the trouble is both are fraught with difficulty.
        ...
      </Text>
    </Text>
    <View>
      <Text
        maxFontSizeMultiplier={2}
        minimumFontScale={0.7}
        style={
          Object {
            "color": "#333333",
            "flexDirection": "row",
            "fontFamily": "GillSansMTStd-Medium",
            "fontSize": 13,
            "lineHeight": 13,
          }
        }
        testID="author"
      >
        <Text
          maxFontSizeMultiplier={2}
          minimumFontScale={0.7}
          style={
            Object {
              "color": "#333333",
              "flexDirection": "row",
              "fontFamily": "GillSansMTStd-Medium",
              "fontSize": 13,
              "lineHeight": 13,
            }
          }
        >
          Richard Lloyd Parry
        </Text>
        <Text
          maxFontSizeMultiplier={2}
          minimumFontScale={0.7}
          style={
            Object {
              "color": "#333333",
              "flexDirection": "row",
              "fontFamily": "GillSansMTStd-Medium",
              "fontSize": 13,
              "lineHeight": 13,
            }
          }
        >
          , Hanoi
        </Text>
      </Text>
    </View>
  </View>
  <Image
    aspectRatio={0.6666666666666666}
    style={
      Object {
        "flexDirection": "column",
        "justifyContent": "flex-end",
        "width": "50%",
      }
    }
    uri="https://www.thetimes.co.uk/imageserver/image/%2Fmethode%2Ftimes%2Fprod%2Fweb%2Fbin%2F5a14c64e-06db-11e9-abe2-4909b2eb0130.jpg?crop=1195%2C1792%2C747%2C0"
  />
</Link>
`;
