// Jest Snapshot v1, https://goo.gl/fbAQLP

exports[`1. has video 1`] = `
<View>
  <View>
    <Text
      accessibilityRole="header"
      aria-level="3"
      allowFontScaling={false}
    >
      Related articles
    </Text>
  </View>
  <View>
    <View>
      <View>
        <Link
          linkStyle={
            Object {
              "padding": 10,
            }
          }
          url="https://test.io"
        >
          <View>
            <Card
              highResSize={null}
              imageAccessibilityLabel=""
              imageRatio={1.7777777777777777}
              imageUri="https://crop169.io"
              isReversed={false}
              lowResQuality={3}
              lowResSize={200}
              relatedArticle={true}
              showImage={true}
            >
              <View>
                <View>
                  <View>
                    <VideoLabel
                      childTestID="article-slug"
                      color="#DB133B"
                      title="BAYEUX TAPESTRY"
                    />
                  </View>
                </View>
                <Text
                  accessibilityRole="header"
                  aria-level="3"
                  allowFontScaling={false}
                >
                  Test Headline
                </Text>
                <View>
                  <Text
                    allowFontScaling={false}
                  >
                    <Text
                      allowFontScaling={false}
                    >
                      
                      Summary 125
                      ...
                    </Text>
                  </Text>
                </View>
                <View>
                  <Text
                    allowFontScaling={false}
                  >
                    March 13 2015, 6.54pm
                  </Text>
                </View>
                <View>
                  <Text
                    allowFontScaling={false}
                  >
                    <Text
                      allowFontScaling={false}
                    >
                      Camilla Long
                    </Text>
                    <Text
                      allowFontScaling={false}
                    >
                      , Environment Editor
                    </Text>
                  </Text>
                </View>
              </View>
            </Card>
          </View>
        </Link>
      </View>
    </View>
  </View>
</View>
`;
