// Jest Snapshot v1, https://goo.gl/fbAQLP

exports[`1. no short headline 1`] = `
<View>
  <View>
    <Text
      accessibilityRole="header"
      allowFontScaling={true}
      aria-level="3"
      maxFontSizeMultiplier={2}
      minimumFontScale={0.7}
    >
      Related articles
    </Text>
  </View>
  <View>
    <View>
      <View>
        <Link
          linkStyle={
            Object {
              "padding": 10,
            }
          }
          url="https://test.io"
        >
          <View>
            <Card
              highResSize={null}
              imageAccessibilityLabel=""
              imageRatio={1.7777777777777777}
              imageUri="https://crop.io"
              isReversed={false}
              lowResQuality={3}
              lowResSize={200}
              relatedArticle={true}
              showImage={true}
            >
              <View>
                <View>
                  <View>
                    <ArticleLabel
                      allowFontScaling={true}
                      childTestID="article-slug"
                      color="#004D6D"
                      title="test label"
                    />
                  </View>
                </View>
                <Text
                  accessibilityRole="header"
                  allowFontScaling={true}
                  aria-level="3"
                  maxFontSizeMultiplier={2}
                  minimumFontScale={0.7}
                >
                  Test Headline
                </Text>
                <View>
                  <Text
                    allowFontScaling={true}
                    maxFontSizeMultiplier={2}
                    minimumFontScale={0.7}
                  >
                    <Text
                      allowFontScaling={true}
                      maxFontSizeMultiplier={2}
                      minimumFontScale={0.7}
                    >
                      
                      Summary 125
                      ...
                    </Text>
                  </Text>
                </View>
                <View>
                  <Text
                    allowFontScaling={true}
                    maxFontSizeMultiplier={2}
                    minimumFontScale={0.7}
                  >
                    March 13 2015, 6.54pm
                  </Text>
                </View>
                <View>
                  <Text
                    allowFontScaling={true}
                    maxFontSizeMultiplier={2}
                    minimumFontScale={0.7}
                  >
                    <Text
                      allowFontScaling={true}
                      maxFontSizeMultiplier={2}
                      minimumFontScale={0.7}
                    >
                      Camilla Long
                    </Text>
                    <Text
                      allowFontScaling={true}
                      maxFontSizeMultiplier={2}
                      minimumFontScale={0.7}
                    >
                      , Environment Editor
                    </Text>
                  </Text>
                </View>
              </View>
            </Card>
          </View>
        </Link>
      </View>
    </View>
  </View>
</View>
`;

exports[`2. analytics for no short headline 1`] = `
Array [
  Array [
    Object {
      "action": "Viewed",
      "attrs": Object {
        "articles": Array [
          Object {
            "headline": "Test Headline",
            "id": "48604618-fb0e-11e7-a987-7fcf5e9983dc",
            "role": "standard-1",
          },
        ],
        "eventTime": "2018-01-01T00:00:00.000Z",
        "template": "StandardSlice",
      },
      "component": "Page",
      "object": "Article",
    },
  ],
]
`;
