// Jest Snapshot v1, https://goo.gl/fbAQLP

exports[`puzzle section page click tracking 1`] = `
Object {
  "action": "Pressed",
  "attrs": Object {
    "edition_type": "current edition",
    "parent_site": "TIMES",
    "past_edition_date": null,
    "puzzleId": "0",
    "puzzleTitle": "Times Concise medium No 7881",
    "puzzleUrl": "/crossword/123",
    "sectionName": "Puzzles",
    "sliceDepth": Object {
      "itemNumber": 1,
      "total": 7,
    },
    "sliceName": "Puzzle",
    "tileName": "Puzzle",
  },
  "component": "Tile",
  "object": "Slice",
}
`;

exports[`puzzle section page click tracking: onPuzzlePress 1`] = `
Array [
  Array [
    Object {
      "id": "0",
      "title": "Times Concise medium No 7881",
      "url": "/crossword/123",
    },
  ],
]
`;
