// Jest Snapshot v1, https://goo.gl/fbAQLP

exports[`1. lead two no pic and two - small 1`] = `
<View>
  <Text
    allowFontScaling={false}
  >
    lead-1
  </Text>
  <View />
  <Text
    allowFontScaling={false}
  >
    lead-2
  </Text>
  <View />
  <Text
    allowFontScaling={false}
  >
    support-1
  </Text>
  <View />
  <Text
    allowFontScaling={false}
  >
    support-2
  </Text>
</View>
`;

exports[`2. lead two no pic and two - tablet - landscape 1`] = `
<View>
  <View>
    <Text
      allowFontScaling={false}
    >
      lead-1
    </Text>
    <View />
    <Text
      allowFontScaling={false}
    >
      lead-2
    </Text>
  </View>
  <View />
  <View>
    <Text
      allowFontScaling={false}
    >
      support-1
    </Text>
  </View>
  <View />
  <View>
    <Text
      allowFontScaling={false}
    >
      support-2
    </Text>
  </View>
</View>
`;

exports[`3. lead two no pic and two - tablet - portrait 1`] = `
<View>
  <View>
    <Text
      allowFontScaling={false}
    >
      lead-1
    </Text>
    <View />
    <Text
      allowFontScaling={false}
    >
      lead-2
    </Text>
  </View>
  <View />
  <View>
    <Text
      allowFontScaling={false}
    >
      support-2
    </Text>
    <View />
    <Text
      allowFontScaling={false}
    >
      support-1
    </Text>
  </View>
</View>
`;
