// Jest Snapshot v1, https://goo.gl/fbAQLP

exports[`1. secondary one and four - small 1`] = `
<View>
  <View>
    <View>
      <Text
        allowFontScaling={false}
      >
        secondary-1
      </Text>
    </View>
  </View>
  <View>
    <Text
      allowFontScaling={false}
    >
      support-1
    </Text>
    <View />
    <Text
      allowFontScaling={false}
    >
      support-2
    </Text>
    <View />
    <Text
      allowFontScaling={false}
    >
      support-3
    </Text>
    <View />
    <Text
      allowFontScaling={false}
    >
      support-4
    </Text>
  </View>
</View>
`;

exports[`2. secondary one and four - smalltablet 1`] = `
<View>
  <View>
    <Text
      allowFontScaling={false}
    >
      secondary-1
    </Text>
  </View>
  <View />
  <View>
    <View>
      <View>
        <Text
          allowFontScaling={false}
        >
          support-1
        </Text>
      </View>
      <View />
      <View>
        <Text
          allowFontScaling={false}
        >
          support-2
        </Text>
      </View>
    </View>
    <View />
    <View>
      <View>
        <Text
          allowFontScaling={false}
        >
          support-3
        </Text>
      </View>
      <View />
      <View>
        <Text
          allowFontScaling={false}
        >
          support-4
        </Text>
      </View>
    </View>
  </View>
</View>
`;

exports[`3. secondary one and four - medium 1`] = `
<View>
  <View>
    <Text
      allowFontScaling={false}
    >
      secondary-1
    </Text>
  </View>
  <View />
  <View>
    <View>
      <View>
        <Text
          allowFontScaling={false}
        >
          support-1
        </Text>
      </View>
      <View />
      <View>
        <Text
          allowFontScaling={false}
        >
          support-2
        </Text>
      </View>
    </View>
    <View />
    <View>
      <View>
        <Text
          allowFontScaling={false}
        >
          support-3
        </Text>
      </View>
      <View />
      <View>
        <Text
          allowFontScaling={false}
        >
          support-4
        </Text>
      </View>
    </View>
  </View>
</View>
`;

exports[`4. secondary one and four - wide 1`] = `
<View>
  <View>
    <Text
      allowFontScaling={false}
    >
      secondary-1
    </Text>
  </View>
  <View />
  <View>
    <View>
      <View>
        <Text
          allowFontScaling={false}
        >
          support-1
        </Text>
      </View>
      <View />
      <View>
        <Text
          allowFontScaling={false}
        >
          support-2
        </Text>
      </View>
    </View>
    <View />
    <View>
      <View>
        <Text
          allowFontScaling={false}
        >
          support-3
        </Text>
      </View>
      <View />
      <View>
        <Text
          allowFontScaling={false}
        >
          support-4
        </Text>
      </View>
    </View>
  </View>
</View>
`;
