// Jest Snapshot v1, https://goo.gl/fbAQLP

exports[`1. lead one and one - small 1`] = `
<View>
  <Text
    allowFontScaling={false}
  >
    lead
  </Text>
  <View />
  <Text
    allowFontScaling={false}
  >
    support
  </Text>
</View>
`;

exports[`2. lead one and one - smalltablet 1`] = `
<View>
  <View>
    <Text
      allowFontScaling={false}
    >
      lead
    </Text>
  </View>
  <View />
  <View>
    <Text
      allowFontScaling={false}
    >
      support
    </Text>
  </View>
</View>
`;

exports[`3. lead one and one - medium 1`] = `
<View>
  <View>
    <Text
      allowFontScaling={false}
    >
      lead
    </Text>
  </View>
  <View />
  <View>
    <Text
      allowFontScaling={false}
    >
      support
    </Text>
  </View>
</View>
`;

exports[`4. lead one and one - wide 1`] = `
<View>
  <View>
    <Text
      allowFontScaling={false}
    >
      lead
    </Text>
  </View>
  <View />
  <View>
    <Text
      allowFontScaling={false}
    >
      support
    </Text>
  </View>
</View>
`;

exports[`5. lead one and one - huge 1`] = `
<View>
  <View>
    <Text
      allowFontScaling={false}
    >
      lead
    </Text>
  </View>
  <View />
  <View>
    <Text
      allowFontScaling={false}
    >
      support
    </Text>
  </View>
</View>
`;
