// Jest Snapshot v1, https://goo.gl/fbAQLP

exports[`1. secondary one and columnist - small 1`] = `
<View>
  <Text
    allowFontScaling={false}
  >
    secondary
  </Text>
  <View />
  <Text
    allowFontScaling={false}
  >
    columnist
  </Text>
</View>
`;

exports[`2. secondary one and columnist - smalltablet 1`] = `
<View>
  <View>
    <Text
      allowFontScaling={false}
    >
      columnist
    </Text>
  </View>
  <View />
  <View>
    <Text
      allowFontScaling={false}
    >
      secondary
    </Text>
  </View>
</View>
`;

exports[`3. secondary one and columnist - medium 1`] = `
<View>
  <View>
    <Text
      allowFontScaling={false}
    >
      columnist
    </Text>
  </View>
  <View />
  <View>
    <Text
      allowFontScaling={false}
    >
      secondary
    </Text>
  </View>
</View>
`;
