// Jest Snapshot v1, https://goo.gl/fbAQLP

exports[`1. supplement lead one and four - smalltablet 1`] = `
<View>
  <View>
    <Text
      allowFontScaling={false}
    >
      lead
    </Text>
  </View>
  <View>
    <View>
      <Text
        allowFontScaling={false}
      >
        support-1
      </Text>
    </View>
    <View />
    <View>
      <Text
        allowFontScaling={false}
      >
        support-2
      </Text>
    </View>
    <View />
    <View>
      <Text
        allowFontScaling={false}
      >
        support-3
      </Text>
    </View>
    <View />
    <View>
      <Text
        allowFontScaling={false}
      >
        support-4
      </Text>
    </View>
  </View>
</View>
`;

exports[`2. supplement lead one and four - medium 1`] = `
<View>
  <View>
    <Text
      allowFontScaling={false}
    >
      lead
    </Text>
  </View>
  <View>
    <View>
      <Text
        allowFontScaling={false}
      >
        support-1
      </Text>
    </View>
    <View />
    <View>
      <Text
        allowFontScaling={false}
      >
        support-2
      </Text>
    </View>
    <View />
    <View>
      <Text
        allowFontScaling={false}
      >
        support-3
      </Text>
    </View>
    <View />
    <View>
      <Text
        allowFontScaling={false}
      >
        support-4
      </Text>
    </View>
  </View>
</View>
`;

exports[`3. supplement lead one and four - wide 1`] = `
<View>
  <View>
    <Text
      allowFontScaling={false}
    >
      lead
    </Text>
  </View>
  <View>
    <View>
      <Text
        allowFontScaling={false}
      >
        support-1
      </Text>
    </View>
    <View />
    <View>
      <Text
        allowFontScaling={false}
      >
        support-2
      </Text>
    </View>
    <View />
    <View>
      <Text
        allowFontScaling={false}
      >
        support-3
      </Text>
    </View>
    <View />
    <View>
      <Text
        allowFontScaling={false}
      >
        support-4
      </Text>
    </View>
  </View>
</View>
`;

exports[`4. supplement lead one and four - huge 1`] = `
<View>
  <View>
    <Text
      allowFontScaling={false}
    >
      lead
    </Text>
  </View>
  <View>
    <View>
      <Text
        allowFontScaling={false}
      >
        support-1
      </Text>
    </View>
    <View />
    <View>
      <Text
        allowFontScaling={false}
      >
        support-2
      </Text>
    </View>
    <View />
    <View>
      <Text
        allowFontScaling={false}
      >
        support-3
      </Text>
    </View>
    <View />
    <View>
      <Text
        allowFontScaling={false}
      >
        support-4
      </Text>
    </View>
  </View>
</View>
`;
