// Jest Snapshot v1, https://goo.gl/fbAQLP

exports[`1. date and times publication 1`] = `
<View
  style={
    Object {
      "alignItems": "flex-start",
      "flexDirection": "row",
    }
  }
>
  <Text
    allowFontScaling={false}
    style={
      Object {
        "textAlign": "left",
      }
    }
  >
    <Text
      allowFontScaling={false}
      style={Object {}}
      testID="date-time"
    >
      Sunday January 01 2017, 4.32am GMT
    </Text>
    <Text
      allowFontScaling={false}
      style={Object {}}
      testID="publication-name"
    >
      , The Times
    </Text>
  </Text>
</View>
`;
