// Jest Snapshot v1, https://goo.gl/fbAQLP

exports[`1. inner component with page 1`] = `
<Text
  allowFontScaling={false}
>
  {
  "page": 1
}
</Text>
`;
