// Jest Snapshot v1, https://goo.gl/fbAQLP

exports[`1. a single related article 1`] = `
<View>
  <View>
    <Text
      accessibilityRole="header"
      allowFontScaling={false}
      aria-level="3"
    >
      Related articles
    </Text>
  </View>
  <View>
    <View>
      <View>
        <Link
          linkStyle={
            Object {
              "padding": 10,
            }
          }
          url="https://test.io"
        >
          <View>
            <Card
              highResSize={null}
              imageAccessibilityLabel="Test Short Headline"
              imageRatio={1.7777777777777777}
              imageUri="https://crop.io"
              isReversed={false}
              lowResQuality={3}
              lowResSize={200}
              relatedArticle={true}
              showImage={true}
            >
              <View>
                <View>
                  <View>
                    <ArticleLabel
                      childTestID="article-slug"
                      color="#004D6D"
                      title="test label"
                    />
                  </View>
                </View>
                <Text
                  accessibilityRole="header"
                  allowFontScaling={false}
                  aria-level="3"
                >
                  Test Short Headline
                </Text>
                <View>
                  <Text
                    allowFontScaling={false}
                  >
                    <Text
                      allowFontScaling={false}
                    >
                      
                      Summary 125
                      ...
                    </Text>
                  </Text>
                </View>
                <View>
                  <Text
                    allowFontScaling={false}
                  >
                    <Text
                      allowFontScaling={false}
                    >
                      March 13 2015, 6.54pm GMT
                    </Text>
                  </Text>
                </View>
                <View>
                  <Text
                    allowFontScaling={false}
                  >
                    <Text
                      allowFontScaling={false}
                    >
                      Camilla Long
                    </Text>
                    <Text
                      allowFontScaling={false}
                    >
                      , Environment Editor
                    </Text>
                  </Text>
                </View>
              </View>
            </Card>
          </View>
        </Link>
      </View>
    </View>
  </View>
</View>
`;

exports[`2. analytics for a single related article 1`] = `
Array [
  Array [
    Object {
      "action": "Viewed",
      "attrs": Object {
        "articles": Array [
          Object {
            "headline": "Test Short Headline",
            "id": "48604618-fb0e-11e7-a987-7fcf5e9983dc",
            "role": "standard-1",
          },
        ],
        "eventTime": "2018-01-01T00:00:00.000Z",
        "template": "StandardSlice",
      },
      "component": "Page",
      "object": "Article",
    },
  ],
]
`;

exports[`4. on press analytics triggered 1`] = `
Object {
  "action": "Pressed",
  "attrs": Object {
    "targetArticleHeadline": "Test Short Headline",
    "targetArticleId": "48604618-fb0e-11e7-a987-7fcf5e9983dc",
    "targetArticleUrl": "https://test.io",
  },
  "component": "RelatedArticleItem",
}
`;
