// Jest Snapshot v1, https://goo.gl/fbAQLP

exports[`** AD ** 1`] = `
<View
  inViewport={false}
  onViewportEnter={[Function]}
  style={
    Object {
      "height": 0,
      "width": 750,
    }
  }
/>
`;
